Component: Arm Compiler for Embedded 6.22 Tool: armlink [5ee90200]

==============================================================================

Section Cross References

    main.o(.text.GetSystemTime) refers to main.o(.bss.system_time_ms) for system_time_ms
    main.o(.ARM.exidx.text.GetSystemTime) refers to main.o(.text.GetSystemTime) for [Anonymous Symbol]
    main.o(.text.main) refers to main.o(.text.SystemClock_Config) for SystemClock_Config
    main.o(.text.main) refers to main.o(.text.GPIO_Init) for GPIO_Init
    main.o(.text.main) refers to main.o(.text.USART1_Init) for USART1_Init
    main.o(.text.main) refers to input_acq.o(.text.InputAcq_Init) for InputAcq_Init
    main.o(.text.main) refers to safety_manager.o(.text.SafetyManager_Init) for SafetyManager_Init
    main.o(.text.main) refers to dispatcher.o(.text.Dispatcher_Init) for Dispatcher_Init
    main.o(.text.main) refers to supervisor.o(.text.Supervisor_Init) for Supervisor_Init
    main.o(.text.main) refers to output_mgr.o(.text.OutputMgr_Init) for OutputMgr_Init
    main.o(.text.main) refers to logger.o(.text.Logger_Init) for Logger_Init
    main.o(.text.main) refers to main.o(.text.SysTick_Init) for SysTick_Init
    main.o(.text.main) refers to main.o(.text.Watchdog_Init) for Watchdog_Init
    main.o(.text.main) refers to main.o(.text.Watchdog_Feed) for Watchdog_Feed
    main.o(.text.main) refers to input_acq.o(.text.InputAcq_Update) for InputAcq_Update
    main.o(.text.main) refers to dispatcher.o(.text.Dispatcher_ProcessQueue) for Dispatcher_ProcessQueue
    main.o(.text.main) refers to main.o(.bss.brake_intent_flag) for brake_intent_flag
    main.o(.text.main) refers to output_mgr.o(.text.OutputMgr_SetBrakes) for OutputMgr_SetBrakes
    main.o(.text.main) refers to main.o(.text.GetSystemTime) for GetSystemTime
    main.o(.ARM.exidx.text.main) refers to main.o(.text.main) for [Anonymous Symbol]
    main.o(.ARM.exidx.text.SystemClock_Config) refers to main.o(.text.SystemClock_Config) for [Anonymous Symbol]
    main.o(.ARM.exidx.text.GPIO_Init) refers to main.o(.text.GPIO_Init) for [Anonymous Symbol]
    main.o(.text.USART1_Init) refers to main.o(.text.__NVIC_EnableIRQ) for __NVIC_EnableIRQ
    main.o(.ARM.exidx.text.USART1_Init) refers to main.o(.text.USART1_Init) for [Anonymous Symbol]
    main.o(.ARM.exidx.text.SysTick_Init) refers to main.o(.text.SysTick_Init) for [Anonymous Symbol]
    main.o(.ARM.exidx.text.Watchdog_Init) refers to main.o(.text.Watchdog_Init) for [Anonymous Symbol]
    main.o(.ARM.exidx.text.Watchdog_Feed) refers to main.o(.text.Watchdog_Feed) for [Anonymous Symbol]
    main.o(.text.USART1_IRQHandler) refers to input_acq.o(.text.InputAcq_PushChar) for InputAcq_PushChar
    main.o(.ARM.exidx.text.USART1_IRQHandler) refers to main.o(.text.USART1_IRQHandler) for [Anonymous Symbol]
    main.o(.text.SysTick_Handler) refers to main.o(.bss.system_time_ms) for system_time_ms
    main.o(.text.SysTick_Handler) refers to supervisor.o(.text.Supervisor_Tick1ms) for Supervisor_Tick1ms
    main.o(.text.SysTick_Handler) refers to main.o(.bss.SysTick_Handler.heartbeat_timer) for SysTick_Handler.heartbeat_timer
    main.o(.ARM.exidx.text.SysTick_Handler) refers to main.o(.text.SysTick_Handler) for [Anonymous Symbol]
    main.o(.ARM.exidx.text.__NVIC_EnableIRQ) refers to main.o(.text.__NVIC_EnableIRQ) for [Anonymous Symbol]
    input_acq.o(.text.InputAcq_Init) refers to input_acq.o(.bss.head) for head
    input_acq.o(.text.InputAcq_Init) refers to input_acq.o(.bss.tail) for tail
    input_acq.o(.text.InputAcq_Init) refers to input_acq.o(.bss.frame_index) for frame_index
    input_acq.o(.ARM.exidx.text.InputAcq_Init) refers to input_acq.o(.text.InputAcq_Init) for [Anonymous Symbol]
    input_acq.o(.text.InputAcq_PushChar) refers to input_acq.o(.bss.head) for head
    input_acq.o(.text.InputAcq_PushChar) refers to input_acq.o(.bss.tail) for tail
    input_acq.o(.text.InputAcq_PushChar) refers to input_acq.o(.bss.rx_buffer) for rx_buffer
    input_acq.o(.ARM.exidx.text.InputAcq_PushChar) refers to input_acq.o(.text.InputAcq_PushChar) for [Anonymous Symbol]
    input_acq.o(.text.InputAcq_Update) refers to input_acq.o(.bss.tail) for tail
    input_acq.o(.text.InputAcq_Update) refers to input_acq.o(.bss.head) for head
    input_acq.o(.text.InputAcq_Update) refers to input_acq.o(.bss.rx_buffer) for rx_buffer
    input_acq.o(.text.InputAcq_Update) refers to input_acq.o(.bss.frame_index) for frame_index
    input_acq.o(.text.InputAcq_Update) refers to input_acq.o(.bss.frame_buffer) for frame_buffer
    input_acq.o(.text.InputAcq_Update) refers to atof.o(i.__hardfp_atof) for __hardfp_atof
    input_acq.o(.text.InputAcq_Update) refers to d2f.o(.text) for __aeabi_d2f
    input_acq.o(.text.InputAcq_Update) refers to dispatcher.o(.text.Dispatcher_PostEvent) for Dispatcher_PostEvent
    input_acq.o(.ARM.exidx.text.InputAcq_Update) refers to input_acq.o(.text.InputAcq_Update) for [Anonymous Symbol]
    signal_proc.o(.text.SignalProc_Init) refers to signal_proc.o(.bss.window_index) for window_index
    signal_proc.o(.text.SignalProc_Init) refers to signal_proc.o(.bss.samples_since_last_calc) for samples_since_last_calc
    signal_proc.o(.text.SignalProc_Init) refers to signal_proc.o(.bss.emg_window) for emg_window
    signal_proc.o(.ARM.exidx.text.SignalProc_Init) refers to signal_proc.o(.text.SignalProc_Init) for [Anonymous Symbol]
    signal_proc.o(.text.SignalProc_ProcessSample) refers to signal_proc.o(.bss.window_index) for window_index
    signal_proc.o(.text.SignalProc_ProcessSample) refers to signal_proc.o(.bss.emg_window) for emg_window
    signal_proc.o(.text.SignalProc_ProcessSample) refers to signal_proc.o(.bss.samples_since_last_calc) for samples_since_last_calc
    signal_proc.o(.text.SignalProc_ProcessSample) refers to sqrtf.o(i.__hardfp_sqrtf) for __hardfp_sqrtf
    signal_proc.o(.text.SignalProc_ProcessSample) refers to dispatcher.o(.text.Dispatcher_PostEvent) for Dispatcher_PostEvent
    signal_proc.o(.ARM.exidx.text.SignalProc_ProcessSample) refers to signal_proc.o(.text.SignalProc_ProcessSample) for [Anonymous Symbol]
    safety_manager.o(.text.SafetyManager_Init) refers to safety_manager.o(.bss.baseline_rms) for baseline_rms
    safety_manager.o(.text.SafetyManager_Init) refers to safety_manager.o(.bss.calibration_count) for calibration_count
    safety_manager.o(.text.SafetyManager_Init) refers to safety_manager.o(.bss.consecutive_spikes) for consecutive_spikes
    safety_manager.o(.text.SafetyManager_Init) refers to safety_manager.o(.bss.is_calibrated) for is_calibrated
    safety_manager.o(.ARM.exidx.text.SafetyManager_Init) refers to safety_manager.o(.text.SafetyManager_Init) for [Anonymous Symbol]
    safety_manager.o(.text.SafetyManager_EvaluateRMS) refers to safety_manager.o(.bss.is_calibrated) for is_calibrated
    safety_manager.o(.text.SafetyManager_EvaluateRMS) refers to safety_manager.o(.bss.baseline_rms) for baseline_rms
    safety_manager.o(.text.SafetyManager_EvaluateRMS) refers to safety_manager.o(.bss.calibration_count) for calibration_count
    safety_manager.o(.text.SafetyManager_EvaluateRMS) refers to safety_manager.o(.bss.consecutive_spikes) for consecutive_spikes
    safety_manager.o(.text.SafetyManager_EvaluateRMS) refers to dispatcher.o(.text.Dispatcher_PostEvent) for Dispatcher_PostEvent
    safety_manager.o(.ARM.exidx.text.SafetyManager_EvaluateRMS) refers to safety_manager.o(.text.SafetyManager_EvaluateRMS) for [Anonymous Symbol]
    dispatcher.o(.text.Dispatcher_Init) refers to dispatcher.o(.bss.head) for head
    dispatcher.o(.text.Dispatcher_Init) refers to dispatcher.o(.bss.tail) for tail
    dispatcher.o(.ARM.exidx.text.Dispatcher_Init) refers to dispatcher.o(.text.Dispatcher_Init) for [Anonymous Symbol]
    dispatcher.o(.text.Dispatcher_PostEvent) refers to dispatcher.o(.bss.head) for head
    dispatcher.o(.text.Dispatcher_PostEvent) refers to dispatcher.o(.bss.tail) for tail
    dispatcher.o(.text.Dispatcher_PostEvent) refers to dispatcher.o(.bss.event_queue) for event_queue
    dispatcher.o(.ARM.exidx.text.Dispatcher_PostEvent) refers to dispatcher.o(.text.Dispatcher_PostEvent) for [Anonymous Symbol]
    dispatcher.o(.text.Dispatcher_ProcessQueue) refers to dispatcher.o(.bss.tail) for tail
    dispatcher.o(.text.Dispatcher_ProcessQueue) refers to dispatcher.o(.bss.head) for head
    dispatcher.o(.text.Dispatcher_ProcessQueue) refers to dispatcher.o(.bss.event_queue) for event_queue
    dispatcher.o(.text.Dispatcher_ProcessQueue) refers to signal_proc.o(.text.SignalProc_ProcessSample) for SignalProc_ProcessSample
    dispatcher.o(.text.Dispatcher_ProcessQueue) refers to safety_manager.o(.text.SafetyManager_EvaluateRMS) for SafetyManager_EvaluateRMS
    dispatcher.o(.text.Dispatcher_ProcessQueue) refers to supervisor.o(.text.Supervisor_ProcessIntentEvent) for Supervisor_ProcessIntentEvent
    dispatcher.o(.text.Dispatcher_ProcessQueue) refers to logger.o(.text.Logger_LogEvent) for Logger_LogEvent
    dispatcher.o(.text.Dispatcher_ProcessQueue) refers to output_mgr.o(.text.OutputMgr_SetBrakes) for OutputMgr_SetBrakes
    dispatcher.o(.text.Dispatcher_ProcessQueue) refers to output_mgr.o(.text.OutputMgr_SetCalibrationLED) for OutputMgr_SetCalibrationLED
    dispatcher.o(.ARM.exidx.text.Dispatcher_ProcessQueue) refers to dispatcher.o(.text.Dispatcher_ProcessQueue) for [Anonymous Symbol]
    supervisor.o(.text.Supervisor_Init) refers to supervisor.o(.bss.current_state) for current_state
    supervisor.o(.text.Supervisor_Init) refers to supervisor.o(.bss.recovery_timer) for recovery_timer
    supervisor.o(.ARM.exidx.text.Supervisor_Init) refers to supervisor.o(.text.Supervisor_Init) for [Anonymous Symbol]
    supervisor.o(.text.Supervisor_ProcessIntentEvent) refers to supervisor.o(.bss.current_state) for current_state
    supervisor.o(.text.Supervisor_ProcessIntentEvent) refers to dispatcher.o(.text.Dispatcher_PostEvent) for Dispatcher_PostEvent
    supervisor.o(.text.Supervisor_ProcessIntentEvent) refers to supervisor.o(.bss.recovery_timer) for recovery_timer
    supervisor.o(.ARM.exidx.text.Supervisor_ProcessIntentEvent) refers to supervisor.o(.text.Supervisor_ProcessIntentEvent) for [Anonymous Symbol]
    supervisor.o(.text.Supervisor_Tick1ms) refers to supervisor.o(.bss.current_state) for current_state
    supervisor.o(.text.Supervisor_Tick1ms) refers to supervisor.o(.bss.recovery_timer) for recovery_timer
    supervisor.o(.text.Supervisor_Tick1ms) refers to dispatcher.o(.text.Dispatcher_PostEvent) for Dispatcher_PostEvent
    supervisor.o(.ARM.exidx.text.Supervisor_Tick1ms) refers to supervisor.o(.text.Supervisor_Tick1ms) for [Anonymous Symbol]
    output_mgr.o(.ARM.exidx.text.OutputMgr_Init) refers to output_mgr.o(.text.OutputMgr_Init) for [Anonymous Symbol]
    output_mgr.o(.ARM.exidx.text.OutputMgr_SetBrakes) refers to output_mgr.o(.text.OutputMgr_SetBrakes) for [Anonymous Symbol]
    output_mgr.o(.ARM.exidx.text.OutputMgr_SetCalibrationLED) refers to output_mgr.o(.text.OutputMgr_SetCalibrationLED) for [Anonymous Symbol]
    logger.o(.text.Logger_Init) refers to logger.o(.rodata.str1.1) for .L.str
    logger.o(.text.Logger_Init) refers to logger.o(.text.USART1_SendString) for USART1_SendString
    logger.o(.ARM.exidx.text.Logger_Init) refers to logger.o(.text.Logger_Init) for [Anonymous Symbol]
    logger.o(.ARM.exidx.text.USART1_SendString) refers to logger.o(.text.USART1_SendString) for [Anonymous Symbol]
    logger.o(.text.Logger_LogEvent) refers to main.o(.text.GetSystemTime) for GetSystemTime
    logger.o(.text.Logger_LogEvent) refers to f2d.o(.text) for __aeabi_f2d
    logger.o(.text.Logger_LogEvent) refers to logger.o(.rodata.str1.1) for .L.str.1
    logger.o(.text.Logger_LogEvent) refers to printfa.o(i.__0sprintf) for sprintf
    logger.o(.text.Logger_LogEvent) refers to logger.o(.text.USART1_SendString) for USART1_SendString
    logger.o(.ARM.exidx.text.Logger_LogEvent) refers to logger.o(.text.Logger_LogEvent) for [Anonymous Symbol]
    retarget_io.o(.ARM.exidx.text.fputc) refers to retarget_io.o(.text.fputc) for [Anonymous Symbol]
    retarget_io.o(.ARM.exidx.text.fgetc) refers to retarget_io.o(.text.fgetc) for [Anonymous Symbol]
    retarget_io.o(.ARM.exidx.text.__backspace) refers to retarget_io.o(.text.__backspace) for [Anonymous Symbol]
    retarget_io.o(.text.__aeabi_assert) refers to retarget_io.o(.rodata.str1.1) for .L.str
    retarget_io.o(.text.__aeabi_assert) refers to stderr.o(.data) for __stderr
    retarget_io.o(.text.__aeabi_assert) refers to fputs.o(i.fputs) for fputs
    retarget_io.o(.text.__aeabi_assert) refers to retarget_io.o(.text.abort) for abort
    retarget_io.o(.ARM.exidx.text.__aeabi_assert) refers to retarget_io.o(.text.__aeabi_assert) for [Anonymous Symbol]
    retarget_io.o(.ARM.exidx.text.abort) refers to retarget_io.o(.text.abort) for [Anonymous Symbol]
    startup_stm32f407xx.o(RESET) refers to startup_stm32f407xx.o(STACK) for __initial_sp
    startup_stm32f407xx.o(RESET) refers to startup_stm32f407xx.o(.text) for Reset_Handler
    startup_stm32f407xx.o(RESET) refers to main.o(.text.SysTick_Handler) for SysTick_Handler
    startup_stm32f407xx.o(RESET) refers to main.o(.text.USART1_IRQHandler) for USART1_IRQHandler
    startup_stm32f407xx.o(.text) refers to system_stm32f4xx.o(.text.SystemInit) for SystemInit
    startup_stm32f407xx.o(.text) refers to entry.o(.ARM.Collect$$$$00000000) for __main
    system_stm32f4xx.o(.ARM.exidx.text.SystemInit) refers to system_stm32f4xx.o(.text.SystemInit) for [Anonymous Symbol]
    system_stm32f4xx.o(.text.SystemCoreClockUpdate) refers to system_stm32f4xx.o(.data.SystemCoreClock) for SystemCoreClock
    system_stm32f4xx.o(.text.SystemCoreClockUpdate) refers to system_stm32f4xx.o(.rodata.AHBPrescTable) for AHBPrescTable
    system_stm32f4xx.o(.ARM.exidx.text.SystemCoreClockUpdate) refers to system_stm32f4xx.o(.text.SystemCoreClockUpdate) for [Anonymous Symbol]
    atof.o(i.__hardfp_atof) refers (Special) to iusefp.o(.text) for __I$use$fp
    atof.o(i.__hardfp_atof) refers to errno.o(i.__read_errno) for __read_errno
    atof.o(i.__hardfp_atof) refers to strtod.o(.text) for __strtod_int
    atof.o(i.__hardfp_atof) refers to errno.o(i.__set_errno) for __set_errno
    atof.o(i.__softfp_atof) refers (Special) to iusefp.o(.text) for __I$use$fp
    atof.o(i.__softfp_atof) refers to errno.o(i.__read_errno) for __read_errno
    atof.o(i.__softfp_atof) refers to strtod.o(.text) for __strtod_int
    atof.o(i.__softfp_atof) refers to errno.o(i.__set_errno) for __set_errno
    atof.o(i.atof) refers (Special) to iusefp.o(.text) for __I$use$fp
    atof.o(i.atof) refers to errno.o(i.__read_errno) for __read_errno
    atof.o(i.atof) refers to strtod.o(.text) for __strtod_int
    atof.o(i.atof) refers to errno.o(i.__set_errno) for __set_errno
    sqrtf.o(i.__hardfp_sqrtf) refers (Special) to iusefp.o(.text) for __I$use$fp
    sqrtf.o(i.__hardfp_sqrtf) refers to errno.o(i.__set_errno) for __set_errno
    sqrtf.o(i.__softfp_sqrtf) refers (Special) to iusefp.o(.text) for __I$use$fp
    sqrtf.o(i.__softfp_sqrtf) refers to errno.o(i.__set_errno) for __set_errno
    sqrtf.o(i.sqrtf) refers (Special) to iusefp.o(.text) for __I$use$fp
    sqrtf.o(i.sqrtf) refers to errno.o(i.__set_errno) for __set_errno
    entry.o(.ARM.Collect$$$$00000000) refers (Special) to entry10a.o(.ARM.Collect$$$$0000000D) for __rt_final_cpp
    entry.o(.ARM.Collect$$$$00000000) refers (Special) to entry11a.o(.ARM.Collect$$$$0000000F) for __rt_final_exit
    entry.o(.ARM.Collect$$$$00000000) refers (Special) to entry7b.o(.ARM.Collect$$$$00000008) for _main_clock
    entry.o(.ARM.Collect$$$$00000000) refers (Special) to entry8b.o(.ARM.Collect$$$$0000000A) for _main_cpp_init
    entry.o(.ARM.Collect$$$$00000000) refers (Special) to entry9a.o(.ARM.Collect$$$$0000000B) for _main_init
    entry.o(.ARM.Collect$$$$00000000) refers (Special) to entry5.o(.ARM.Collect$$$$00000004) for _main_scatterload
    entry.o(.ARM.Collect$$$$00000000) refers (Special) to entry2.o(.ARM.Collect$$$$00000001) for _main_stk
    fputs.o(i.fputs) refers to retarget_io.o(.text.fputc) for fputc
    fputs_e.o(.text) refers to retarget_io.o(.text.fputc) for fputc
    printfa.o(i.__0fprintf) refers (Special) to iusefp.o(.text) for __I$use$fp
    printfa.o(i.__0fprintf) refers to printfa.o(i._printf_core) for _printf_core
    printfa.o(i.__0fprintf) refers to retarget_io.o(.text.fputc) for fputc
    printfa.o(i.__0printf) refers (Special) to iusefp.o(.text) for __I$use$fp
    printfa.o(i.__0printf) refers to printfa.o(i._printf_core) for _printf_core
    printfa.o(i.__0printf) refers to retarget_io.o(.text.fputc) for fputc
    printfa.o(i.__0printf) refers to stdout.o(.data) for __stdout
    printfa.o(i.__0snprintf) refers (Special) to iusefp.o(.text) for __I$use$fp
    printfa.o(i.__0snprintf) refers to printfa.o(i._printf_core) for _printf_core
    printfa.o(i.__0snprintf) refers to printfa.o(i._snputc) for _snputc
    printfa.o(i.__0sprintf) refers (Special) to iusefp.o(.text) for __I$use$fp
    printfa.o(i.__0sprintf) refers to printfa.o(i._printf_core) for _printf_core
    printfa.o(i.__0sprintf) refers to printfa.o(i._sputc) for _sputc
    printfa.o(i.__0vfprintf) refers (Special) to iusefp.o(.text) for __I$use$fp
    printfa.o(i.__0vfprintf) refers to printfa.o(i._printf_core) for _printf_core
    printfa.o(i.__0vfprintf) refers to retarget_io.o(.text.fputc) for fputc
    printfa.o(i.__0vprintf) refers (Special) to iusefp.o(.text) for __I$use$fp
    printfa.o(i.__0vprintf) refers to printfa.o(i._printf_core) for _printf_core
    printfa.o(i.__0vprintf) refers to retarget_io.o(.text.fputc) for fputc
    printfa.o(i.__0vprintf) refers to stdout.o(.data) for __stdout
    printfa.o(i.__0vsnprintf) refers (Special) to iusefp.o(.text) for __I$use$fp
    printfa.o(i.__0vsnprintf) refers to printfa.o(i._printf_core) for _printf_core
    printfa.o(i.__0vsnprintf) refers to printfa.o(i._snputc) for _snputc
    printfa.o(i.__0vsprintf) refers (Special) to iusefp.o(.text) for __I$use$fp
    printfa.o(i.__0vsprintf) refers to printfa.o(i._printf_core) for _printf_core
    printfa.o(i.__0vsprintf) refers to printfa.o(i._sputc) for _sputc
    printfa.o(i._fp_digits) refers (Special) to iusefp.o(.text) for __I$use$fp
    printfa.o(i._fp_digits) refers to dmul.o(.text) for __aeabi_dmul
    printfa.o(i._fp_digits) refers to ddiv.o(.text) for __aeabi_ddiv
    printfa.o(i._fp_digits) refers to cdrcmple.o(.text) for __aeabi_cdrcmple
    printfa.o(i._fp_digits) refers to dadd.o(.text) for __aeabi_dadd
    printfa.o(i._fp_digits) refers to dfixul.o(.text) for __aeabi_d2ulz
    printfa.o(i._fp_digits) refers to uldiv.o(.text) for __aeabi_uldivmod
    printfa.o(i._printf_core) refers (Special) to iusefp.o(.text) for __I$use$fp
    printfa.o(i._printf_core) refers to printfa.o(i._printf_pre_padding) for _printf_pre_padding
    printfa.o(i._printf_core) refers to uldiv.o(.text) for __aeabi_uldivmod
    printfa.o(i._printf_core) refers to printfa.o(i._printf_post_padding) for _printf_post_padding
    printfa.o(i._printf_core) refers to printfa.o(i._fp_digits) for _fp_digits
    printfa.o(i._printf_core) refers to uidiv.o(.text) for __aeabi_uidivmod
    printfa.o(i._printf_post_padding) refers (Special) to iusefp.o(.text) for __I$use$fp
    printfa.o(i._printf_pre_padding) refers (Special) to iusefp.o(.text) for __I$use$fp
    printfa.o(i._snputc) refers (Special) to iusefp.o(.text) for __I$use$fp
    printfa.o(i._sputc) refers (Special) to iusefp.o(.text) for __I$use$fp
    f2d.o(.text) refers (Special) to iusefp.o(.text) for __I$use$fp
    d2f.o(.text) refers (Special) to iusefp.o(.text) for __I$use$fp
    d2f.o(.text) refers to fepilogue.o(.text) for _float_round
    entry2.o(.ARM.Collect$$$$00000001) refers to entry2.o(.ARM.Collect$$$$00002712) for __lit__00000000
    entry2.o(.ARM.Collect$$$$00002712) refers to startup_stm32f407xx.o(STACK) for __initial_sp
    entry2.o(__vectab_stack_and_reset_area) refers to startup_stm32f407xx.o(STACK) for __initial_sp
    entry2.o(__vectab_stack_and_reset_area) refers to entry.o(.ARM.Collect$$$$00000000) for __main
    entry5.o(.ARM.Collect$$$$00000004) refers to init.o(.text) for __scatterload
    entry9a.o(.ARM.Collect$$$$0000000B) refers to main.o(.text.main) for main
    entry9b.o(.ARM.Collect$$$$0000000C) refers to main.o(.text.main) for main
    uldiv.o(.text) refers to llushr.o(.text) for __aeabi_llsr
    uldiv.o(.text) refers to llshl.o(.text) for __aeabi_llsl
    errno.o(i.__aeabi_errno_addr) refers to errno.o(.data) for .data
    errno.o(i.__read_errno) refers to errno.o(.data) for .data
    errno.o(i.__set_errno) refers to errno.o(.data) for .data
    strtod.o(.text) refers to scanf_fp.o(.text) for _scanf_real
    strtod.o(.text) refers to _sgetc.o(.text) for _sgetc
    strtod.o(.text) refers to isspace_c.o(.text) for isspace
    fepilogue.o(.text) refers (Special) to iusefp.o(.text) for __I$use$fp
    dadd.o(.text) refers (Special) to iusefp.o(.text) for __I$use$fp
    dadd.o(.text) refers to llshl.o(.text) for __aeabi_llsl
    dadd.o(.text) refers to llsshr.o(.text) for __aeabi_lasr
    dadd.o(.text) refers to depilogue.o(.text) for _double_epilogue
    dmul.o(.text) refers (Special) to iusefp.o(.text) for __I$use$fp
    dmul.o(.text) refers to depilogue.o(.text) for _double_epilogue
    ddiv.o(.text) refers (Special) to iusefp.o(.text) for __I$use$fp
    ddiv.o(.text) refers to depilogue.o(.text) for _double_round
    dfixul.o(.text) refers (Special) to iusefp.o(.text) for __I$use$fp
    dfixul.o(.text) refers to llushr.o(.text) for __aeabi_llsr
    dfixul.o(.text) refers to llshl.o(.text) for __aeabi_llsl
    cdrcmple.o(.text) refers (Special) to iusefp.o(.text) for __I$use$fp
    init.o(.text) refers to entry5.o(.ARM.Collect$$$$00000004) for __main_after_scatterload
    isspace_c.o(.text) refers to ctype_c.o(.text) for __ctype_lookup
    scanf_fp.o(.text) refers (Special) to iusefp.o(.text) for __I$use$fp
    scanf_fp.o(.text) refers to dfltul.o(.text) for __aeabi_ul2d
    scanf_fp.o(.text) refers to dmul.o(.text) for __aeabi_dmul
    scanf_fp.o(.text) refers to ddiv.o(.text) for __aeabi_ddiv
    scanf_fp.o(.text) refers to scanf_fp.o(i._is_digit) for _is_digit
    scanf_fp.o(.text) refers to d2f.o(.text) for __aeabi_d2f
    depilogue.o(.text) refers (Special) to iusefp.o(.text) for __I$use$fp
    depilogue.o(.text) refers to llshl.o(.text) for __aeabi_llsl
    depilogue.o(.text) refers to llushr.o(.text) for __aeabi_llsr
    ctype_c.o(.text) refers to ctype_c.o(.constdata) for .constdata
    dfltul.o(.text) refers (Special) to iusefp.o(.text) for __I$use$fp
    dfltul.o(.text) refers to depilogue.o(.text) for _double_epilogue
    scanf_fp.o(i._is_digit) refers (Special) to iusefp.o(.text) for __I$use$fp


==============================================================================

Removing Unused input sections from the image.

    Removing main.o(.text), (0 bytes).
    Removing main.o(.ARM.exidx.text.GetSystemTime), (8 bytes).
    Removing main.o(.ARM.exidx.text.main), (8 bytes).
    Removing main.o(.ARM.exidx.text.SystemClock_Config), (8 bytes).
    Removing main.o(.ARM.exidx.text.GPIO_Init), (8 bytes).
    Removing main.o(.ARM.exidx.text.USART1_Init), (8 bytes).
    Removing main.o(.ARM.exidx.text.SysTick_Init), (8 bytes).
    Removing main.o(.ARM.exidx.text.Watchdog_Init), (8 bytes).
    Removing main.o(.ARM.exidx.text.Watchdog_Feed), (8 bytes).
    Removing main.o(.ARM.exidx.text.USART1_IRQHandler), (8 bytes).
    Removing main.o(.ARM.exidx.text.SysTick_Handler), (8 bytes).
    Removing main.o(.ARM.exidx.text.__NVIC_EnableIRQ), (8 bytes).
    Removing main.o(.ARM.use_no_argv), (4 bytes).
    Removing input_acq.o(.text), (0 bytes).
    Removing input_acq.o(.ARM.exidx.text.InputAcq_Init), (8 bytes).
    Removing input_acq.o(.ARM.exidx.text.InputAcq_PushChar), (8 bytes).
    Removing input_acq.o(.ARM.exidx.text.InputAcq_Update), (8 bytes).
    Removing signal_proc.o(.text), (0 bytes).
    Removing signal_proc.o(.text.SignalProc_Init), (66 bytes).
    Removing signal_proc.o(.ARM.exidx.text.SignalProc_Init), (8 bytes).
    Removing signal_proc.o(.ARM.exidx.text.SignalProc_ProcessSample), (8 bytes).
    Removing safety_manager.o(.text), (0 bytes).
    Removing safety_manager.o(.ARM.exidx.text.SafetyManager_Init), (8 bytes).
    Removing safety_manager.o(.ARM.exidx.text.SafetyManager_EvaluateRMS), (8 bytes).
    Removing dispatcher.o(.text), (0 bytes).
    Removing dispatcher.o(.ARM.exidx.text.Dispatcher_Init), (8 bytes).
    Removing dispatcher.o(.ARM.exidx.text.Dispatcher_PostEvent), (8 bytes).
    Removing dispatcher.o(.ARM.exidx.text.Dispatcher_ProcessQueue), (8 bytes).
    Removing supervisor.o(.text), (0 bytes).
    Removing supervisor.o(.ARM.exidx.text.Supervisor_Init), (8 bytes).
    Removing supervisor.o(.ARM.exidx.text.Supervisor_ProcessIntentEvent), (8 bytes).
    Removing supervisor.o(.ARM.exidx.text.Supervisor_Tick1ms), (8 bytes).
    Removing output_mgr.o(.text), (0 bytes).
    Removing output_mgr.o(.ARM.exidx.text.OutputMgr_Init), (8 bytes).
    Removing output_mgr.o(.ARM.exidx.text.OutputMgr_SetBrakes), (8 bytes).
    Removing output_mgr.o(.ARM.exidx.text.OutputMgr_SetCalibrationLED), (8 bytes).
    Removing logger.o(.text), (0 bytes).
    Removing logger.o(.ARM.exidx.text.Logger_Init), (8 bytes).
    Removing logger.o(.ARM.exidx.text.USART1_SendString), (8 bytes).
    Removing logger.o(.ARM.exidx.text.Logger_LogEvent), (8 bytes).
    Removing retarget_io.o(.text), (0 bytes).
    Removing retarget_io.o(.text.fputc), (14 bytes).
    Removing retarget_io.o(.ARM.exidx.text.fputc), (8 bytes).
    Removing retarget_io.o(.text.fgetc), (12 bytes).
    Removing retarget_io.o(.ARM.exidx.text.fgetc), (8 bytes).
    Removing retarget_io.o(.text.__backspace), (12 bytes).
    Removing retarget_io.o(.ARM.exidx.text.__backspace), (8 bytes).
    Removing retarget_io.o(.text.__aeabi_assert), (188 bytes).
    Removing retarget_io.o(.ARM.exidx.text.__aeabi_assert), (8 bytes).
    Removing retarget_io.o(.text.abort), (4 bytes).
    Removing retarget_io.o(.ARM.exidx.text.abort), (8 bytes).
    Removing retarget_io.o(.rodata.str1.1), (39 bytes).
    Removing startup_stm32f407xx.o(HEAP), (512 bytes).
    Removing system_stm32f4xx.o(.text), (0 bytes).
    Removing system_stm32f4xx.o(.ARM.exidx.text.SystemInit), (8 bytes).
    Removing system_stm32f4xx.o(.text.SystemCoreClockUpdate), (302 bytes).
    Removing system_stm32f4xx.o(.ARM.exidx.text.SystemCoreClockUpdate), (8 bytes).
    Removing system_stm32f4xx.o(.data.SystemCoreClock), (4 bytes).
    Removing system_stm32f4xx.o(.rodata.AHBPrescTable), (16 bytes).
    Removing system_stm32f4xx.o(.rodata.APBPrescTable), (8 bytes).

60 unused section(s) (total 1477 bytes) removed from the image.

==============================================================================

Image Symbol Table

    Local Symbols

    Symbol Name                              Value     Ov Type        Size  Object(Section)

    ../clib/division.s                       0x00000000   Number         0  aeabi_sdiv.o ABSOLUTE
    ../clib/microlib/ctype/ctype.c           0x00000000   Number         0  isspace_c.o ABSOLUTE
    ../clib/microlib/ctype/ctype.c           0x00000000   Number         0  ctype_c.o ABSOLUTE
    ../clib/microlib/division.c              0x00000000   Number         0  uidiv.o ABSOLUTE
    ../clib/microlib/division.c              0x00000000   Number         0  uldiv.o ABSOLUTE
    ../clib/microlib/errno.c                 0x00000000   Number         0  errno.o ABSOLUTE
    ../clib/microlib/init/entry.s            0x00000000   Number         0  entry.o ABSOLUTE
    ../clib/microlib/init/entry.s            0x00000000   Number         0  entry2.o ABSOLUTE
    ../clib/microlib/init/entry.s            0x00000000   Number         0  entry5.o ABSOLUTE
    ../clib/microlib/init/entry.s            0x00000000   Number         0  entry7a.o ABSOLUTE
    ../clib/microlib/init/entry.s            0x00000000   Number         0  entry7b.o ABSOLUTE
    ../clib/microlib/init/entry.s            0x00000000   Number         0  entry8a.o ABSOLUTE
    ../clib/microlib/init/entry.s            0x00000000   Number         0  entry8b.o ABSOLUTE
    ../clib/microlib/init/entry.s            0x00000000   Number         0  entry9a.o ABSOLUTE
    ../clib/microlib/init/entry.s            0x00000000   Number         0  entry9b.o ABSOLUTE
    ../clib/microlib/init/entry.s            0x00000000   Number         0  entry10a.o ABSOLUTE
    ../clib/microlib/init/entry.s            0x00000000   Number         0  entry10b.o ABSOLUTE
    ../clib/microlib/init/entry.s            0x00000000   Number         0  entry11a.o ABSOLUTE
    ../clib/microlib/init/entry.s            0x00000000   Number         0  entry11b.o ABSOLUTE
    ../clib/microlib/longlong.c              0x00000000   Number         0  llshl.o ABSOLUTE
    ../clib/microlib/longlong.c              0x00000000   Number         0  llushr.o ABSOLUTE
    ../clib/microlib/longlong.c              0x00000000   Number         0  llsshr.o ABSOLUTE
    ../clib/microlib/printf/printf.c         0x00000000   Number         0  printfa.o ABSOLUTE
    ../clib/microlib/stdio/fputs.c           0x00000000   Number         0  fputs.o ABSOLUTE
    ../clib/microlib/stdio/fputs.c           0x00000000   Number         0  fputs_e.o ABSOLUTE
    ../clib/microlib/stdio/streams.c         0x00000000   Number         0  stderr.o ABSOLUTE
    ../clib/microlib/stdio/streams.c         0x00000000   Number         0  stdout.o ABSOLUTE
    ../clib/microlib/stubs.s                 0x00000000   Number         0  iusefp.o ABSOLUTE
    ../clib/scanf.c                          0x00000000   Number         0  strtod.o ABSOLUTE
    ../clib/scanf.c                          0x00000000   Number         0  scanf_fp.o ABSOLUTE
    ../clib/scanf.c                          0x00000000   Number         0  _sgetc.o ABSOLUTE
    ../fplib/microlib/d2f.c                  0x00000000   Number         0  d2f.o ABSOLUTE
    ../fplib/microlib/f2d.c                  0x00000000   Number         0  f2d.o ABSOLUTE
    ../fplib/microlib/fpadd.c                0x00000000   Number         0  dadd.o ABSOLUTE
    ../fplib/microlib/fpdiv.c                0x00000000   Number         0  ddiv.o ABSOLUTE
    ../fplib/microlib/fpepilogue.c           0x00000000   Number         0  fepilogue.o ABSOLUTE
    ../fplib/microlib/fpepilogue.c           0x00000000   Number         0  depilogue.o ABSOLUTE
    ../fplib/microlib/fpfix.c                0x00000000   Number         0  dfixul.o ABSOLUTE
    ../fplib/microlib/fpflt.c                0x00000000   Number         0  dfltul.o ABSOLUTE
    ../fplib/microlib/fpmul.c                0x00000000   Number         0  dmul.o ABSOLUTE
    ../mathlib/atof.c                        0x00000000   Number         0  atof.o ABSOLUTE
    ../mathlib/sqrtf.c                       0x00000000   Number         0  sqrtf.o ABSOLUTE
    RTE/Device/STM32F407VGTx/startup_stm32f407xx.s 0x00000000   Number         0  startup_stm32f407xx.o ABSOLUTE
    cdrcmple.s                               0x00000000   Number         0  cdrcmple.o ABSOLUTE
    dc.s                                     0x00000000   Number         0  dc.o ABSOLUTE
    dispatcher.c                             0x00000000   Number         0  dispatcher.o ABSOLUTE
    handlers.s                               0x00000000   Number         0  handlers.o ABSOLUTE
    init.s                                   0x00000000   Number         0  init.o ABSOLUTE
    input_acq.c                              0x00000000   Number         0  input_acq.o ABSOLUTE
    logger.c                                 0x00000000   Number         0  logger.o ABSOLUTE
    main.c                                   0x00000000   Number         0  main.o ABSOLUTE
    output_mgr.c                             0x00000000   Number         0  output_mgr.o ABSOLUTE
    retarget_io.c                            0x00000000   Number         0  retarget_io.o ABSOLUTE
    safety_manager.c                         0x00000000   Number         0  safety_manager.o ABSOLUTE
    signal_proc.c                            0x00000000   Number         0  signal_proc.o ABSOLUTE
    supervisor.c                             0x00000000   Number         0  supervisor.o ABSOLUTE
    system_stm32f4xx.c                       0x00000000   Number         0  system_stm32f4xx.o ABSOLUTE
    RESET                                    0x08000000   Section      392  startup_stm32f407xx.o(RESET)
    .ARM.Collect$$$$00000000                 0x08000188   Section        0  entry.o(.ARM.Collect$$$$00000000)
    .ARM.Collect$$$$00000001                 0x08000188   Section        4  entry2.o(.ARM.Collect$$$$00000001)
    .ARM.Collect$$$$00000004                 0x0800018c   Section        4  entry5.o(.ARM.Collect$$$$00000004)
    .ARM.Collect$$$$00000008                 0x08000190   Section        0  entry7b.o(.ARM.Collect$$$$00000008)
    .ARM.Collect$$$$0000000A                 0x08000190   Section        0  entry8b.o(.ARM.Collect$$$$0000000A)
    .ARM.Collect$$$$0000000B                 0x08000190   Section        8  entry9a.o(.ARM.Collect$$$$0000000B)
    __lit__00000000                          0x08000198   Data           4  entry2.o(.ARM.Collect$$$$00002712)
    .ARM.Collect$$$$0000000D                 0x08000198   Section        0  entry10a.o(.ARM.Collect$$$$0000000D)
    .ARM.Collect$$$$0000000F                 0x08000198   Section        0  entry11a.o(.ARM.Collect$$$$0000000F)
    .ARM.Collect$$$$00002712                 0x08000198   Section        4  entry2.o(.ARM.Collect$$$$00002712)
    $v0                                      0x0800019c   Number         0  startup_stm32f407xx.o(.text)
    .text                                    0x0800019c   Section       36  startup_stm32f407xx.o(.text)
    .text                                    0x080001c0   Section        0  f2d.o(.text)
    .text                                    0x080001e6   Section        0  d2f.o(.text)
    .text                                    0x0800021e   Section        0  uidiv.o(.text)
    .text                                    0x0800024a   Section        0  uldiv.o(.text)
    _local_sscanf                            0x080002ad   Thumb Code    62  strtod.o(.text)
    .text                                    0x080002ac   Section        0  strtod.o(.text)
    .text                                    0x08000354   Section        0  iusefp.o(.text)
    .text                                    0x08000354   Section        0  fepilogue.o(.text)
    .text                                    0x080003c2   Section        0  dadd.o(.text)
    .text                                    0x08000510   Section        0  dmul.o(.text)
    .text                                    0x080005f4   Section        0  ddiv.o(.text)
    .text                                    0x080006d2   Section        0  dfixul.o(.text)
    .text                                    0x08000704   Section       48  cdrcmple.o(.text)
    .text                                    0x08000734   Section       48  init.o(.text)
    .text                                    0x08000764   Section        0  llshl.o(.text)
    .text                                    0x08000782   Section        0  llushr.o(.text)
    .text                                    0x080007a2   Section        0  llsshr.o(.text)
    .text                                    0x080007c6   Section        0  isspace_c.o(.text)
    _fp_value                                0x080007d1   Thumb Code   296  scanf_fp.o(.text)
    .text                                    0x080007d0   Section        0  scanf_fp.o(.text)
    .text                                    0x08000b30   Section        0  _sgetc.o(.text)
    .text                                    0x08000b70   Section        0  depilogue.o(.text)
    .text                                    0x08000c2c   Section        0  ctype_c.o(.text)
    .text                                    0x08000c54   Section        0  dfltul.o(.text)
    [Anonymous Symbol]                       0x08000c6c   Section        0  dispatcher.o(.text.Dispatcher_Init)
    [Anonymous Symbol]                       0x08000c84   Section        0  dispatcher.o(.text.Dispatcher_PostEvent)
    [Anonymous Symbol]                       0x08000d00   Section        0  dispatcher.o(.text.Dispatcher_ProcessQueue)
    [Anonymous Symbol]                       0x08000dc4   Section        0  main.o(.text.GPIO_Init)
    [Anonymous Symbol]                       0x08000df0   Section        0  main.o(.text.GetSystemTime)
    [Anonymous Symbol]                       0x08000dfc   Section        0  input_acq.o(.text.InputAcq_Init)
    [Anonymous Symbol]                       0x08000e20   Section        0  input_acq.o(.text.InputAcq_PushChar)
    [Anonymous Symbol]                       0x08000e70   Section        0  input_acq.o(.text.InputAcq_Update)
    [Anonymous Symbol]                       0x08000f58   Section        0  logger.o(.text.Logger_Init)
    [Anonymous Symbol]                       0x08000f68   Section        0  logger.o(.text.Logger_LogEvent)
    [Anonymous Symbol]                       0x08000fb8   Section        0  output_mgr.o(.text.OutputMgr_Init)
    [Anonymous Symbol]                       0x08000fcc   Section        0  output_mgr.o(.text.OutputMgr_SetBrakes)
    [Anonymous Symbol]                       0x08001008   Section        0  output_mgr.o(.text.OutputMgr_SetCalibrationLED)
    [Anonymous Symbol]                       0x0800102c   Section        0  safety_manager.o(.text.SafetyManager_EvaluateRMS)
    [Anonymous Symbol]                       0x08001128   Section        0  safety_manager.o(.text.SafetyManager_Init)
    [Anonymous Symbol]                       0x08001154   Section        0  signal_proc.o(.text.SignalProc_ProcessSample)
    [Anonymous Symbol]                       0x0800122c   Section        0  supervisor.o(.text.Supervisor_Init)
    [Anonymous Symbol]                       0x08001244   Section        0  supervisor.o(.text.Supervisor_ProcessIntentEvent)
    [Anonymous Symbol]                       0x0800130c   Section        0  supervisor.o(.text.Supervisor_Tick1ms)
    [Anonymous Symbol]                       0x0800136c   Section        0  main.o(.text.SysTick_Handler)
    [Anonymous Symbol]                       0x080013b8   Section        0  main.o(.text.SysTick_Init)
    [Anonymous Symbol]                       0x080013e4   Section        0  main.o(.text.SystemClock_Config)
    [Anonymous Symbol]                       0x080014ac   Section        0  system_stm32f4xx.o(.text.SystemInit)
    [Anonymous Symbol]                       0x080014c0   Section        0  main.o(.text.USART1_IRQHandler)
    [Anonymous Symbol]                       0x08001520   Section        0  main.o(.text.USART1_Init)
    USART1_SendString                        0x08001591   Thumb Code    60  logger.o(.text.USART1_SendString)
    [Anonymous Symbol]                       0x08001590   Section        0  logger.o(.text.USART1_SendString)
    [Anonymous Symbol]                       0x080015cc   Section        0  main.o(.text.Watchdog_Feed)
    [Anonymous Symbol]                       0x080015dc   Section        0  main.o(.text.Watchdog_Init)
    __NVIC_EnableIRQ                         0x08001615   Thumb Code    48  main.o(.text.__NVIC_EnableIRQ)
    [Anonymous Symbol]                       0x08001614   Section        0  main.o(.text.__NVIC_EnableIRQ)
    [Anonymous Symbol]                       0x08001644   Section        0  main.o(.text.main)
    i.__0sprintf                             0x080016f0   Section        0  printfa.o(i.__0sprintf)
    i.__hardfp_atof                          0x08001718   Section        0  atof.o(i.__hardfp_atof)
    i.__hardfp_sqrtf                         0x08001750   Section        0  sqrtf.o(i.__hardfp_sqrtf)
    i.__read_errno                           0x0800178c   Section        0  errno.o(i.__read_errno)
    i.__scatterload_copy                     0x08001798   Section       14  handlers.o(i.__scatterload_copy)
    i.__scatterload_null                     0x080017a6   Section        2  handlers.o(i.__scatterload_null)
    i.__scatterload_zeroinit                 0x080017a8   Section       14  handlers.o(i.__scatterload_zeroinit)
    i.__set_errno                            0x080017b8   Section        0  errno.o(i.__set_errno)
    _fp_digits                               0x080017c5   Thumb Code   366  printfa.o(i._fp_digits)
    i._fp_digits                             0x080017c4   Section        0  printfa.o(i._fp_digits)
    i._is_digit                              0x08001948   Section        0  scanf_fp.o(i._is_digit)
    _printf_core                             0x08001959   Thumb Code  1744  printfa.o(i._printf_core)
    i._printf_core                           0x08001958   Section        0  printfa.o(i._printf_core)
    _printf_post_padding                     0x08002035   Thumb Code    36  printfa.o(i._printf_post_padding)
    i._printf_post_padding                   0x08002034   Section        0  printfa.o(i._printf_post_padding)
    _printf_pre_padding                      0x08002059   Thumb Code    46  printfa.o(i._printf_pre_padding)
    i._printf_pre_padding                    0x08002058   Section        0  printfa.o(i._printf_pre_padding)
    _sputc                                   0x08002087   Thumb Code    10  printfa.o(i._sputc)
    i._sputc                                 0x08002086   Section        0  printfa.o(i._sputc)
    .constdata                               0x08002090   Section       64  ctype_c.o(.constdata)
    .L.str.1                                 0x080020d0   Data          14  logger.o(.rodata.str1.1)
    [Anonymous Symbol]                       0x080020d0   Section        0  logger.o(.rodata.str1.1)
    .L.str                                   0x080020de   Data          43  logger.o(.rodata.str1.1)
    _errno                                   0x20000000   Data           4  errno.o(.data)
    .data                                    0x20000000   Section        4  errno.o(.data)
    SysTick_Handler.heartbeat_timer          0x20000008   Data           2  main.o(.bss.SysTick_Handler.heartbeat_timer)
    [Anonymous Symbol]                       0x20000008   Section        0  main.o(.bss.SysTick_Handler.heartbeat_timer)
    baseline_rms                             0x2000000c   Data           4  safety_manager.o(.bss.baseline_rms)
    [Anonymous Symbol]                       0x2000000c   Section        0  safety_manager.o(.bss.baseline_rms)
    calibration_count                        0x20000012   Data           2  safety_manager.o(.bss.calibration_count)
    [Anonymous Symbol]                       0x20000012   Section        0  safety_manager.o(.bss.calibration_count)
    consecutive_spikes                       0x20000014   Data           1  safety_manager.o(.bss.consecutive_spikes)
    [Anonymous Symbol]                       0x20000014   Section        0  safety_manager.o(.bss.consecutive_spikes)
    current_state                            0x20000015   Data           1  supervisor.o(.bss.current_state)
    [Anonymous Symbol]                       0x20000015   Section        0  supervisor.o(.bss.current_state)
    emg_window                               0x20000018   Data          80  signal_proc.o(.bss.emg_window)
    [Anonymous Symbol]                       0x20000018   Section        0  signal_proc.o(.bss.emg_window)
    event_queue                              0x20000068   Data         384  dispatcher.o(.bss.event_queue)
    [Anonymous Symbol]                       0x20000068   Section        0  dispatcher.o(.bss.event_queue)
    frame_buffer                             0x200001e8   Data          32  input_acq.o(.bss.frame_buffer)
    [Anonymous Symbol]                       0x200001e8   Section        0  input_acq.o(.bss.frame_buffer)
    frame_index                              0x20000208   Data           1  input_acq.o(.bss.frame_index)
    [Anonymous Symbol]                       0x20000208   Section        0  input_acq.o(.bss.frame_index)
    head                                     0x2000020a   Data           2  input_acq.o(.bss.head)
    [Anonymous Symbol]                       0x2000020a   Section        0  input_acq.o(.bss.head)
    head                                     0x2000020c   Data           2  dispatcher.o(.bss.head)
    [Anonymous Symbol]                       0x2000020c   Section        0  dispatcher.o(.bss.head)
    is_calibrated                            0x2000020e   Data           1  safety_manager.o(.bss.is_calibrated)
    [Anonymous Symbol]                       0x2000020e   Section        0  safety_manager.o(.bss.is_calibrated)
    recovery_timer                           0x20000210   Data           2  supervisor.o(.bss.recovery_timer)
    [Anonymous Symbol]                       0x20000210   Section        0  supervisor.o(.bss.recovery_timer)
    rx_buffer                                0x20000212   Data         256  input_acq.o(.bss.rx_buffer)
    [Anonymous Symbol]                       0x20000212   Section        0  input_acq.o(.bss.rx_buffer)
    samples_since_last_calc                  0x20000312   Data           2  signal_proc.o(.bss.samples_since_last_calc)
    [Anonymous Symbol]                       0x20000312   Section        0  signal_proc.o(.bss.samples_since_last_calc)
    system_time_ms                           0x20000314   Data           4  main.o(.bss.system_time_ms)
    [Anonymous Symbol]                       0x20000314   Section        0  main.o(.bss.system_time_ms)
    tail                                     0x20000318   Data           2  input_acq.o(.bss.tail)
    [Anonymous Symbol]                       0x20000318   Section        0  input_acq.o(.bss.tail)
    tail                                     0x2000031a   Data           2  dispatcher.o(.bss.tail)
    [Anonymous Symbol]                       0x2000031a   Section        0  dispatcher.o(.bss.tail)
    window_index                             0x2000031c   Data           2  signal_proc.o(.bss.window_index)
    [Anonymous Symbol]                       0x2000031c   Section        0  signal_proc.o(.bss.window_index)
    STACK                                    0x20000320   Section     1024  startup_stm32f407xx.o(STACK)

    Global Symbols

    Symbol Name                              Value     Ov Type        Size  Object(Section)

    BuildAttributes$$THM_ISAv4$E$P$D$K$B$S$7EM$VFPi3$EXTD16$VFPS$VFMA$PE$A:L22UL41UL21$X:L11$S22US41US21$IEEE1$IW$~IW$USESV6$~STKCKD$USESV7$~SHL$OTIME$ROPI$IEEEJ$EBA8$MICROLIB$REQ8$PRES8$EABIv2 0x00000000   Number         0  anon$$obj.o ABSOLUTE
    __cpp_initialize__aeabi_                  - Undefined Weak Reference
    __cxa_finalize                            - Undefined Weak Reference
    __decompress                              - Undefined Weak Reference
    _clock_init                               - Undefined Weak Reference
    _microlib_exit                            - Undefined Weak Reference
    __Vectors_Size                           0x00000188   Number         0  startup_stm32f407xx.o ABSOLUTE
    __Vectors                                0x08000000   Data           4  startup_stm32f407xx.o(RESET)
    __Vectors_End                            0x08000188   Data           0  startup_stm32f407xx.o(RESET)
    __main                                   0x08000189   Thumb Code     0  entry.o(.ARM.Collect$$$$00000000)
    _main_stk                                0x08000189   Thumb Code     0  entry2.o(.ARM.Collect$$$$00000001)
    _main_scatterload                        0x0800018d   Thumb Code     0  entry5.o(.ARM.Collect$$$$00000004)
    __main_after_scatterload                 0x08000191   Thumb Code     0  entry5.o(.ARM.Collect$$$$00000004)
    _main_clock                              0x08000191   Thumb Code     0  entry7b.o(.ARM.Collect$$$$00000008)
    _main_cpp_init                           0x08000191   Thumb Code     0  entry8b.o(.ARM.Collect$$$$0000000A)
    _main_init                               0x08000191   Thumb Code     0  entry9a.o(.ARM.Collect$$$$0000000B)
    __rt_final_cpp                           0x08000199   Thumb Code     0  entry10a.o(.ARM.Collect$$$$0000000D)
    __rt_final_exit                          0x08000199   Thumb Code     0  entry11a.o(.ARM.Collect$$$$0000000F)
    Reset_Handler                            0x0800019d   Thumb Code     8  startup_stm32f407xx.o(.text)
    NMI_Handler                              0x080001a5   Thumb Code     2  startup_stm32f407xx.o(.text)
    HardFault_Handler                        0x080001a7   Thumb Code     2  startup_stm32f407xx.o(.text)
    MemManage_Handler                        0x080001a9   Thumb Code     2  startup_stm32f407xx.o(.text)
    BusFault_Handler                         0x080001ab   Thumb Code     2  startup_stm32f407xx.o(.text)
    UsageFault_Handler                       0x080001ad   Thumb Code     2  startup_stm32f407xx.o(.text)
    SVC_Handler                              0x080001af   Thumb Code     2  startup_stm32f407xx.o(.text)
    DebugMon_Handler                         0x080001b1   Thumb Code     2  startup_stm32f407xx.o(.text)
    PendSV_Handler                           0x080001b3   Thumb Code     2  startup_stm32f407xx.o(.text)
    ADC_IRQHandler                           0x080001b7   Thumb Code     0  startup_stm32f407xx.o(.text)
    CAN1_RX0_IRQHandler                      0x080001b7   Thumb Code     0  startup_stm32f407xx.o(.text)
    CAN1_RX1_IRQHandler                      0x080001b7   Thumb Code     0  startup_stm32f407xx.o(.text)
    CAN1_SCE_IRQHandler                      0x080001b7   Thumb Code     0  startup_stm32f407xx.o(.text)
    CAN1_TX_IRQHandler                       0x080001b7   Thumb Code     0  startup_stm32f407xx.o(.text)
    CAN2_RX0_IRQHandler                      0x080001b7   Thumb Code     0  startup_stm32f407xx.o(.text)
    CAN2_RX1_IRQHandler                      0x080001b7   Thumb Code     0  startup_stm32f407xx.o(.text)
    CAN2_SCE_IRQHandler                      0x080001b7   Thumb Code     0  startup_stm32f407xx.o(.text)
    CAN2_TX_IRQHandler                       0x080001b7   Thumb Code     0  startup_stm32f407xx.o(.text)
    DCMI_IRQHandler                          0x080001b7   Thumb Code     0  startup_stm32f407xx.o(.text)
    DMA1_Stream0_IRQHandler                  0x080001b7   Thumb Code     0  startup_stm32f407xx.o(.text)
    DMA1_Stream1_IRQHandler                  0x080001b7   Thumb Code     0  startup_stm32f407xx.o(.text)
    DMA1_Stream2_IRQHandler                  0x080001b7   Thumb Code     0  startup_stm32f407xx.o(.text)
    DMA1_Stream3_IRQHandler                  0x080001b7   Thumb Code     0  startup_stm32f407xx.o(.text)
    DMA1_Stream4_IRQHandler                  0x080001b7   Thumb Code     0  startup_stm32f407xx.o(.text)
    DMA1_Stream5_IRQHandler                  0x080001b7   Thumb Code     0  startup_stm32f407xx.o(.text)
    DMA1_Stream6_IRQHandler                  0x080001b7   Thumb Code     0  startup_stm32f407xx.o(.text)
    DMA1_Stream7_IRQHandler                  0x080001b7   Thumb Code     0  startup_stm32f407xx.o(.text)
    DMA2_Stream0_IRQHandler                  0x080001b7   Thumb Code     0  startup_stm32f407xx.o(.text)
    DMA2_Stream1_IRQHandler                  0x080001b7   Thumb Code     0  startup_stm32f407xx.o(.text)
    DMA2_Stream2_IRQHandler                  0x080001b7   Thumb Code     0  startup_stm32f407xx.o(.text)
    DMA2_Stream3_IRQHandler                  0x080001b7   Thumb Code     0  startup_stm32f407xx.o(.text)
    DMA2_Stream4_IRQHandler                  0x080001b7   Thumb Code     0  startup_stm32f407xx.o(.text)
    DMA2_Stream5_IRQHandler                  0x080001b7   Thumb Code     0  startup_stm32f407xx.o(.text)
    DMA2_Stream6_IRQHandler                  0x080001b7   Thumb Code     0  startup_stm32f407xx.o(.text)
    DMA2_Stream7_IRQHandler                  0x080001b7   Thumb Code     0  startup_stm32f407xx.o(.text)
    ETH_IRQHandler                           0x080001b7   Thumb Code     0  startup_stm32f407xx.o(.text)
    ETH_WKUP_IRQHandler                      0x080001b7   Thumb Code     0  startup_stm32f407xx.o(.text)
    EXTI0_IRQHandler                         0x080001b7   Thumb Code     0  startup_stm32f407xx.o(.text)
    EXTI15_10_IRQHandler                     0x080001b7   Thumb Code     0  startup_stm32f407xx.o(.text)
    EXTI1_IRQHandler                         0x080001b7   Thumb Code     0  startup_stm32f407xx.o(.text)
    EXTI2_IRQHandler                         0x080001b7   Thumb Code     0  startup_stm32f407xx.o(.text)
    EXTI3_IRQHandler                         0x080001b7   Thumb Code     0  startup_stm32f407xx.o(.text)
    EXTI4_IRQHandler                         0x080001b7   Thumb Code     0  startup_stm32f407xx.o(.text)
    EXTI9_5_IRQHandler                       0x080001b7   Thumb Code     0  startup_stm32f407xx.o(.text)
    FLASH_IRQHandler                         0x080001b7   Thumb Code     0  startup_stm32f407xx.o(.text)
    FMC_IRQHandler                           0x080001b7   Thumb Code     0  startup_stm32f407xx.o(.text)
    FPU_IRQHandler                           0x080001b7   Thumb Code     0  startup_stm32f407xx.o(.text)
    HASH_RNG_IRQHandler                      0x080001b7   Thumb Code     0  startup_stm32f407xx.o(.text)
    I2C1_ER_IRQHandler                       0x080001b7   Thumb Code     0  startup_stm32f407xx.o(.text)
    I2C1_EV_IRQHandler                       0x080001b7   Thumb Code     0  startup_stm32f407xx.o(.text)
    I2C2_ER_IRQHandler                       0x080001b7   Thumb Code     0  startup_stm32f407xx.o(.text)
    I2C2_EV_IRQHandler                       0x080001b7   Thumb Code     0  startup_stm32f407xx.o(.text)
    I2C3_ER_IRQHandler                       0x080001b7   Thumb Code     0  startup_stm32f407xx.o(.text)
    I2C3_EV_IRQHandler                       0x080001b7   Thumb Code     0  startup_stm32f407xx.o(.text)
    OTG_FS_IRQHandler                        0x080001b7   Thumb Code     0  startup_stm32f407xx.o(.text)
    OTG_FS_WKUP_IRQHandler                   0x080001b7   Thumb Code     0  startup_stm32f407xx.o(.text)
    OTG_HS_EP1_IN_IRQHandler                 0x080001b7   Thumb Code     0  startup_stm32f407xx.o(.text)
    OTG_HS_EP1_OUT_IRQHandler                0x080001b7   Thumb Code     0  startup_stm32f407xx.o(.text)
    OTG_HS_IRQHandler                        0x080001b7   Thumb Code     0  startup_stm32f407xx.o(.text)
    OTG_HS_WKUP_IRQHandler                   0x080001b7   Thumb Code     0  startup_stm32f407xx.o(.text)
    PVD_IRQHandler                           0x080001b7   Thumb Code     0  startup_stm32f407xx.o(.text)
    RCC_IRQHandler                           0x080001b7   Thumb Code     0  startup_stm32f407xx.o(.text)
    RTC_Alarm_IRQHandler                     0x080001b7   Thumb Code     0  startup_stm32f407xx.o(.text)
    RTC_WKUP_IRQHandler                      0x080001b7   Thumb Code     0  startup_stm32f407xx.o(.text)
    SDIO_IRQHandler                          0x080001b7   Thumb Code     0  startup_stm32f407xx.o(.text)
    SPI1_IRQHandler                          0x080001b7   Thumb Code     0  startup_stm32f407xx.o(.text)
    SPI2_IRQHandler                          0x080001b7   Thumb Code     0  startup_stm32f407xx.o(.text)
    SPI3_IRQHandler                          0x080001b7   Thumb Code     0  startup_stm32f407xx.o(.text)
    TAMP_STAMP_IRQHandler                    0x080001b7   Thumb Code     0  startup_stm32f407xx.o(.text)
    TIM1_BRK_TIM9_IRQHandler                 0x080001b7   Thumb Code     0  startup_stm32f407xx.o(.text)
    TIM1_CC_IRQHandler                       0x080001b7   Thumb Code     0  startup_stm32f407xx.o(.text)
    TIM1_TRG_COM_TIM11_IRQHandler            0x080001b7   Thumb Code     0  startup_stm32f407xx.o(.text)
    TIM1_UP_TIM10_IRQHandler                 0x080001b7   Thumb Code     0  startup_stm32f407xx.o(.text)
    TIM2_IRQHandler                          0x080001b7   Thumb Code     0  startup_stm32f407xx.o(.text)
    TIM3_IRQHandler                          0x080001b7   Thumb Code     0  startup_stm32f407xx.o(.text)
    TIM4_IRQHandler                          0x080001b7   Thumb Code     0  startup_stm32f407xx.o(.text)
    TIM5_IRQHandler                          0x080001b7   Thumb Code     0  startup_stm32f407xx.o(.text)
    TIM6_DAC_IRQHandler                      0x080001b7   Thumb Code     0  startup_stm32f407xx.o(.text)
    TIM7_IRQHandler                          0x080001b7   Thumb Code     0  startup_stm32f407xx.o(.text)
    TIM8_BRK_TIM12_IRQHandler                0x080001b7   Thumb Code     0  startup_stm32f407xx.o(.text)
    TIM8_CC_IRQHandler                       0x080001b7   Thumb Code     0  startup_stm32f407xx.o(.text)
    TIM8_TRG_COM_TIM14_IRQHandler            0x080001b7   Thumb Code     0  startup_stm32f407xx.o(.text)
    TIM8_UP_TIM13_IRQHandler                 0x080001b7   Thumb Code     0  startup_stm32f407xx.o(.text)
    UART4_IRQHandler                         0x080001b7   Thumb Code     0  startup_stm32f407xx.o(.text)
    UART5_IRQHandler                         0x080001b7   Thumb Code     0  startup_stm32f407xx.o(.text)
    USART2_IRQHandler                        0x080001b7   Thumb Code     0  startup_stm32f407xx.o(.text)
    USART3_IRQHandler                        0x080001b7   Thumb Code     0  startup_stm32f407xx.o(.text)
    USART6_IRQHandler                        0x080001b7   Thumb Code     0  startup_stm32f407xx.o(.text)
    WWDG_IRQHandler                          0x080001b7   Thumb Code     0  startup_stm32f407xx.o(.text)
    __aeabi_f2d                              0x080001c1   Thumb Code    38  f2d.o(.text)
    __aeabi_d2f                              0x080001e7   Thumb Code    56  d2f.o(.text)
    __aeabi_uidiv                            0x0800021f   Thumb Code     0  uidiv.o(.text)
    __aeabi_uidivmod                         0x0800021f   Thumb Code    44  uidiv.o(.text)
    __aeabi_uldivmod                         0x0800024b   Thumb Code    98  uldiv.o(.text)
    __strtod_int                             0x080002eb   Thumb Code    94  strtod.o(.text)
    __I$use$fp                               0x08000355   Thumb Code     0  iusefp.o(.text)
    _float_round                             0x08000355   Thumb Code    18  fepilogue.o(.text)
    _float_epilogue                          0x08000367   Thumb Code    92  fepilogue.o(.text)
    __aeabi_dadd                             0x080003c3   Thumb Code   322  dadd.o(.text)
    __aeabi_dsub                             0x08000505   Thumb Code     6  dadd.o(.text)
    __aeabi_drsub                            0x0800050b   Thumb Code     6  dadd.o(.text)
    __aeabi_dmul                             0x08000511   Thumb Code   228  dmul.o(.text)
    __aeabi_ddiv                             0x080005f5   Thumb Code   222  ddiv.o(.text)
    __aeabi_d2ulz                            0x080006d3   Thumb Code    48  dfixul.o(.text)
    __aeabi_cdrcmple                         0x08000705   Thumb Code    48  cdrcmple.o(.text)
    __scatterload                            0x08000735   Thumb Code    38  init.o(.text)
    __scatterload_rt2                        0x08000735   Thumb Code     0  init.o(.text)
    __aeabi_llsl                             0x08000765   Thumb Code    30  llshl.o(.text)
    _ll_shift_l                              0x08000765   Thumb Code     0  llshl.o(.text)
    __aeabi_llsr                             0x08000783   Thumb Code    32  llushr.o(.text)
    _ll_ushift_r                             0x08000783   Thumb Code     0  llushr.o(.text)
    __aeabi_lasr                             0x080007a3   Thumb Code    36  llsshr.o(.text)
    _ll_sshift_r                             0x080007a3   Thumb Code     0  llsshr.o(.text)
    isspace                                  0x080007c7   Thumb Code    10  isspace_c.o(.text)
    _scanf_real                              0x080008f9   Thumb Code     0  scanf_fp.o(.text)
    _scanf_really_real                       0x080008f9   Thumb Code   556  scanf_fp.o(.text)
    _sgetc                                   0x08000b31   Thumb Code    30  _sgetc.o(.text)
    _sbackspace                              0x08000b4f   Thumb Code    34  _sgetc.o(.text)
    _double_round                            0x08000b71   Thumb Code    30  depilogue.o(.text)
    _double_epilogue                         0x08000b8f   Thumb Code   156  depilogue.o(.text)
    __ctype_lookup                           0x08000c2d   Thumb Code    34  ctype_c.o(.text)
    __aeabi_ul2d                             0x08000c55   Thumb Code    24  dfltul.o(.text)
    Dispatcher_Init                          0x08000c6d   Thumb Code    24  dispatcher.o(.text.Dispatcher_Init)
    Dispatcher_PostEvent                     0x08000c85   Thumb Code   122  dispatcher.o(.text.Dispatcher_PostEvent)
    Dispatcher_ProcessQueue                  0x08000d01   Thumb Code   194  dispatcher.o(.text.Dispatcher_ProcessQueue)
    GPIO_Init                                0x08000dc5   Thumb Code    42  main.o(.text.GPIO_Init)
    GetSystemTime                            0x08000df1   Thumb Code    12  main.o(.text.GetSystemTime)
    InputAcq_Init                            0x08000dfd   Thumb Code    34  input_acq.o(.text.InputAcq_Init)
    InputAcq_PushChar                        0x08000e21   Thumb Code    80  input_acq.o(.text.InputAcq_PushChar)
    InputAcq_Update                          0x08000e71   Thumb Code   232  input_acq.o(.text.InputAcq_Update)
    Logger_Init                              0x08000f59   Thumb Code    16  logger.o(.text.Logger_Init)
    Logger_LogEvent                          0x08000f69   Thumb Code    78  logger.o(.text.Logger_LogEvent)
    OutputMgr_Init                           0x08000fb9   Thumb Code    20  output_mgr.o(.text.OutputMgr_Init)
    OutputMgr_SetBrakes                      0x08000fcd   Thumb Code    60  output_mgr.o(.text.OutputMgr_SetBrakes)
    OutputMgr_SetCalibrationLED              0x08001009   Thumb Code    34  output_mgr.o(.text.OutputMgr_SetCalibrationLED)
    SafetyManager_EvaluateRMS                0x0800102d   Thumb Code   252  safety_manager.o(.text.SafetyManager_EvaluateRMS)
    SafetyManager_Init                       0x08001129   Thumb Code    44  safety_manager.o(.text.SafetyManager_Init)
    SignalProc_ProcessSample                 0x08001155   Thumb Code   214  signal_proc.o(.text.SignalProc_ProcessSample)
    Supervisor_Init                          0x0800122d   Thumb Code    24  supervisor.o(.text.Supervisor_Init)
    Supervisor_ProcessIntentEvent            0x08001245   Thumb Code   200  supervisor.o(.text.Supervisor_ProcessIntentEvent)
    Supervisor_Tick1ms                       0x0800130d   Thumb Code    94  supervisor.o(.text.Supervisor_Tick1ms)
    SysTick_Handler                          0x0800136d   Thumb Code    76  main.o(.text.SysTick_Handler)
    SysTick_Init                             0x080013b9   Thumb Code    44  main.o(.text.SysTick_Init)
    SystemClock_Config                       0x080013e5   Thumb Code   200  main.o(.text.SystemClock_Config)
    SystemInit                               0x080014ad   Thumb Code    18  system_stm32f4xx.o(.text.SystemInit)
    USART1_IRQHandler                        0x080014c1   Thumb Code    96  main.o(.text.USART1_IRQHandler)
    USART1_Init                              0x08001521   Thumb Code   110  main.o(.text.USART1_Init)
    Watchdog_Feed                            0x080015cd   Thumb Code    16  main.o(.text.Watchdog_Feed)
    Watchdog_Init                            0x080015dd   Thumb Code    54  main.o(.text.Watchdog_Init)
    main                                     0x08001645   Thumb Code   170  main.o(.text.main)
    __0sprintf                               0x080016f1   Thumb Code    34  printfa.o(i.__0sprintf)
    __1sprintf                               0x080016f1   Thumb Code     0  printfa.o(i.__0sprintf)
    __2sprintf                               0x080016f1   Thumb Code     0  printfa.o(i.__0sprintf)
    __c89sprintf                             0x080016f1   Thumb Code     0  printfa.o(i.__0sprintf)
    sprintf                                  0x080016f1   Thumb Code     0  printfa.o(i.__0sprintf)
    __hardfp_atof                            0x08001719   Thumb Code    46  atof.o(i.__hardfp_atof)
    __hardfp_sqrtf                           0x08001751   Thumb Code    58  sqrtf.o(i.__hardfp_sqrtf)
    __read_errno                             0x0800178d   Thumb Code     6  errno.o(i.__read_errno)
    __scatterload_copy                       0x08001799   Thumb Code    14  handlers.o(i.__scatterload_copy)
    __scatterload_null                       0x080017a7   Thumb Code     2  handlers.o(i.__scatterload_null)
    __scatterload_zeroinit                   0x080017a9   Thumb Code    14  handlers.o(i.__scatterload_zeroinit)
    __set_errno                              0x080017b9   Thumb Code     6  errno.o(i.__set_errno)
    _is_digit                                0x08001949   Thumb Code    14  scanf_fp.o(i._is_digit)
    __ctype_categories                       0x08002090   Data          64  ctype_c.o(.constdata)
    Region$$Table$$Base                      0x0800210c   Number         0  anon$$obj.o(Region$$Table)
    Region$$Table$$Limit                     0x0800212c   Number         0  anon$$obj.o(Region$$Table)
    brake_intent_flag                        0x20000010   Data           1  main.o(.bss.brake_intent_flag)
    __initial_sp                             0x20000720   Data           0  startup_stm32f407xx.o(STACK)



==============================================================================

Memory Map of the image

  Image Entry point : 0x0800019d

  Load Region LR_1 (Base: 0x08000000, Size: 0x00002130, Max: 0xffffffff, ABSOLUTE)

    Execution Region ER_RO (Exec base: 0x08000000, Load base: 0x08000000, Size: 0x0000212c, Max: 0xffffffff, ABSOLUTE)

    Exec Addr    Load Addr    Size         Type   Attr      Idx    E Section Name        Object

    0x08000000   0x08000000   0x00000188   Data   RO          159    RESET               startup_stm32f407xx.o
    0x08000188   0x08000188   0x00000000   Code   RO          192  * .ARM.Collect$$$$00000000  mc_w.l(entry.o)
    0x08000188   0x08000188   0x00000004   Code   RO          232    .ARM.Collect$$$$00000001  mc_w.l(entry2.o)
    0x0800018c   0x0800018c   0x00000004   Code   RO          235    .ARM.Collect$$$$00000004  mc_w.l(entry5.o)
    0x08000190   0x08000190   0x00000000   Code   RO          237    .ARM.Collect$$$$00000008  mc_w.l(entry7b.o)
    0x08000190   0x08000190   0x00000000   Code   RO          239    .ARM.Collect$$$$0000000A  mc_w.l(entry8b.o)
    0x08000190   0x08000190   0x00000008   Code   RO          240    .ARM.Collect$$$$0000000B  mc_w.l(entry9a.o)
    0x08000198   0x08000198   0x00000000   Code   RO          242    .ARM.Collect$$$$0000000D  mc_w.l(entry10a.o)
    0x08000198   0x08000198   0x00000000   Code   RO          244    .ARM.Collect$$$$0000000F  mc_w.l(entry11a.o)
    0x08000198   0x08000198   0x00000004   Code   RO          233    .ARM.Collect$$$$00002712  mc_w.l(entry2.o)
    0x0800019c   0x0800019c   0x00000024   Code   RO          160  * .text               startup_stm32f407xx.o
    0x080001c0   0x080001c0   0x00000026   Code   RO          228    .text               mf_w.l(f2d.o)
    0x080001e6   0x080001e6   0x00000038   Code   RO          230    .text               mf_w.l(d2f.o)
    0x0800021e   0x0800021e   0x0000002c   Code   RO          256    .text               mc_w.l(uidiv.o)
    0x0800024a   0x0800024a   0x00000062   Code   RO          258    .text               mc_w.l(uldiv.o)
    0x080002ac   0x080002ac   0x000000a8   Code   RO          267    .text               mc_w.l(strtod.o)
    0x08000354   0x08000354   0x00000000   Code   RO          269    .text               mc_w.l(iusefp.o)
    0x08000354   0x08000354   0x0000006e   Code   RO          270    .text               mf_w.l(fepilogue.o)
    0x080003c2   0x080003c2   0x0000014e   Code   RO          272    .text               mf_w.l(dadd.o)
    0x08000510   0x08000510   0x000000e4   Code   RO          274    .text               mf_w.l(dmul.o)
    0x080005f4   0x080005f4   0x000000de   Code   RO          276    .text               mf_w.l(ddiv.o)
    0x080006d2   0x080006d2   0x00000030   Code   RO          278    .text               mf_w.l(dfixul.o)
    0x08000702   0x08000702   0x00000002   PAD
    0x08000704   0x08000704   0x00000030   Code   RO          280    .text               mf_w.l(cdrcmple.o)
    0x08000734   0x08000734   0x00000030   Code   RO          282    .text               mc_w.l(init.o)
    0x08000764   0x08000764   0x0000001e   Code   RO          284    .text               mc_w.l(llshl.o)
    0x08000782   0x08000782   0x00000020   Code   RO          286    .text               mc_w.l(llushr.o)
    0x080007a2   0x080007a2   0x00000024   Code   RO          288    .text               mc_w.l(llsshr.o)
    0x080007c6   0x080007c6   0x0000000a   Code   RO          290    .text               mc_w.l(isspace_c.o)
    0x080007d0   0x080007d0   0x00000360   Code   RO          292    .text               mc_w.l(scanf_fp.o)
    0x08000b30   0x08000b30   0x00000040   Code   RO          296    .text               mc_w.l(_sgetc.o)
    0x08000b70   0x08000b70   0x000000ba   Code   RO          298    .text               mf_w.l(depilogue.o)
    0x08000c2a   0x08000c2a   0x00000002   PAD
    0x08000c2c   0x08000c2c   0x00000028   Code   RO          300    .text               mc_w.l(ctype_c.o)
    0x08000c54   0x08000c54   0x00000018   Code   RO          303    .text               mf_w.l(dfltul.o)
    0x08000c6c   0x08000c6c   0x00000018   Code   RO           82    .text.Dispatcher_Init  dispatcher.o
    0x08000c84   0x08000c84   0x0000007a   Code   RO           84    .text.Dispatcher_PostEvent  dispatcher.o
    0x08000cfe   0x08000cfe   0x00000002   PAD
    0x08000d00   0x08000d00   0x000000c2   Code   RO           86    .text.Dispatcher_ProcessQueue  dispatcher.o
    0x08000dc2   0x08000dc2   0x00000002   PAD
    0x08000dc4   0x08000dc4   0x0000002a   Code   RO            8    .text.GPIO_Init     main.o
    0x08000dee   0x08000dee   0x00000002   PAD
    0x08000df0   0x08000df0   0x0000000c   Code   RO            2    .text.GetSystemTime  main.o
    0x08000dfc   0x08000dfc   0x00000022   Code   RO           35    .text.InputAcq_Init  input_acq.o
    0x08000e1e   0x08000e1e   0x00000002   PAD
    0x08000e20   0x08000e20   0x00000050   Code   RO           37    .text.InputAcq_PushChar  input_acq.o
    0x08000e70   0x08000e70   0x000000e8   Code   RO           39    .text.InputAcq_Update  input_acq.o
    0x08000f58   0x08000f58   0x00000010   Code   RO          126    .text.Logger_Init   logger.o
    0x08000f68   0x08000f68   0x0000004e   Code   RO          130    .text.Logger_LogEvent  logger.o
    0x08000fb6   0x08000fb6   0x00000002   PAD
    0x08000fb8   0x08000fb8   0x00000014   Code   RO          113    .text.OutputMgr_Init  output_mgr.o
    0x08000fcc   0x08000fcc   0x0000003c   Code   RO          115    .text.OutputMgr_SetBrakes  output_mgr.o
    0x08001008   0x08001008   0x00000022   Code   RO          117    .text.OutputMgr_SetCalibrationLED  output_mgr.o
    0x0800102a   0x0800102a   0x00000002   PAD
    0x0800102c   0x0800102c   0x000000fc   Code   RO           69    .text.SafetyManager_EvaluateRMS  safety_manager.o
    0x08001128   0x08001128   0x0000002c   Code   RO           67    .text.SafetyManager_Init  safety_manager.o
    0x08001154   0x08001154   0x000000d6   Code   RO           55    .text.SignalProc_ProcessSample  signal_proc.o
    0x0800122a   0x0800122a   0x00000002   PAD
    0x0800122c   0x0800122c   0x00000018   Code   RO           98    .text.Supervisor_Init  supervisor.o
    0x08001244   0x08001244   0x000000c8   Code   RO          100    .text.Supervisor_ProcessIntentEvent  supervisor.o
    0x0800130c   0x0800130c   0x0000005e   Code   RO          102    .text.Supervisor_Tick1ms  supervisor.o
    0x0800136a   0x0800136a   0x00000002   PAD
    0x0800136c   0x0800136c   0x0000004c   Code   RO           20    .text.SysTick_Handler  main.o
    0x080013b8   0x080013b8   0x0000002c   Code   RO           12    .text.SysTick_Init  main.o
    0x080013e4   0x080013e4   0x000000c8   Code   RO            6    .text.SystemClock_Config  main.o
    0x080014ac   0x080014ac   0x00000012   Code   RO          167    .text.SystemInit    system_stm32f4xx.o
    0x080014be   0x080014be   0x00000002   PAD
    0x080014c0   0x080014c0   0x00000060   Code   RO           18    .text.USART1_IRQHandler  main.o
    0x08001520   0x08001520   0x0000006e   Code   RO           10    .text.USART1_Init   main.o
    0x0800158e   0x0800158e   0x00000002   PAD
    0x08001590   0x08001590   0x0000003c   Code   RO          128    .text.USART1_SendString  logger.o
    0x080015cc   0x080015cc   0x00000010   Code   RO           16    .text.Watchdog_Feed  main.o
    0x080015dc   0x080015dc   0x00000036   Code   RO           14    .text.Watchdog_Init  main.o
    0x08001612   0x08001612   0x00000002   PAD
    0x08001614   0x08001614   0x00000030   Code   RO           22    .text.__NVIC_EnableIRQ  main.o
    0x08001644   0x08001644   0x000000aa   Code   RO            4    .text.main          main.o
    0x080016ee   0x080016ee   0x00000002   PAD
    0x080016f0   0x080016f0   0x00000028   Code   RO          203    i.__0sprintf        mc_w.l(printfa.o)
    0x08001718   0x08001718   0x00000038   Code   RO          180    i.__hardfp_atof     m_wm.l(atof.o)
    0x08001750   0x08001750   0x0000003a   Code   RO          186    i.__hardfp_sqrtf    m_wm.l(sqrtf.o)
    0x0800178a   0x0800178a   0x00000002   PAD
    0x0800178c   0x0800178c   0x0000000c   Code   RO          261    i.__read_errno      mc_w.l(errno.o)
    0x08001798   0x08001798   0x0000000e   Code   RO          307    i.__scatterload_copy  mc_w.l(handlers.o)
    0x080017a6   0x080017a6   0x00000002   Code   RO          308    i.__scatterload_null  mc_w.l(handlers.o)
    0x080017a8   0x080017a8   0x0000000e   Code   RO          309    i.__scatterload_zeroinit  mc_w.l(handlers.o)
    0x080017b6   0x080017b6   0x00000002   PAD
    0x080017b8   0x080017b8   0x0000000c   Code   RO          262    i.__set_errno       mc_w.l(errno.o)
    0x080017c4   0x080017c4   0x00000184   Code   RO          208    i._fp_digits        mc_w.l(printfa.o)
    0x08001948   0x08001948   0x0000000e   Code   RO          294    i._is_digit         mc_w.l(scanf_fp.o)
    0x08001956   0x08001956   0x00000002   PAD
    0x08001958   0x08001958   0x000006dc   Code   RO          209    i._printf_core      mc_w.l(printfa.o)
    0x08002034   0x08002034   0x00000024   Code   RO          210    i._printf_post_padding  mc_w.l(printfa.o)
    0x08002058   0x08002058   0x0000002e   Code   RO          211    i._printf_pre_padding  mc_w.l(printfa.o)
    0x08002086   0x08002086   0x0000000a   Code   RO          213    i._sputc            mc_w.l(printfa.o)
    0x08002090   0x08002090   0x00000040   Data   RO          301    .constdata          mc_w.l(ctype_c.o)
    0x080020d0   0x080020d0   0x00000039   Data   RO          132    .rodata.str1.1      logger.o
    0x08002109   0x08002109   0x00000003   PAD
    0x0800210c   0x0800210c   0x00000020   Data   RO          306    Region$$Table       anon$$obj.o


    Execution Region ER_RW (Exec base: 0x20000000, Load base: 0x0800212c, Size: 0x00000004, Max: 0xffffffff, ABSOLUTE)

    Exec Addr    Load Addr    Size         Type   Attr      Idx    E Section Name        Object

    0x20000000   0x0800212c   0x00000004   Data   RW          263    .data               mc_w.l(errno.o)


    Execution Region ER_ZI (Exec base: 0x20000008, Load base: 0x08002130, Size: 0x00000718, Max: 0xffffffff, ABSOLUTE)

    Exec Addr    Load Addr    Size         Type   Attr      Idx    E Section Name        Object

    0x20000008        -       0x00000002   Zero   RW           26    .bss.SysTick_Handler.heartbeat_timer  main.o
    0x2000000a   0x08002130   0x00000002   PAD
    0x2000000c        -       0x00000004   Zero   RW           71    .bss.baseline_rms   safety_manager.o
    0x20000010        -       0x00000001   Zero   RW           25    .bss.brake_intent_flag  main.o
    0x20000011   0x08002130   0x00000001   PAD
    0x20000012        -       0x00000002   Zero   RW           72    .bss.calibration_count  safety_manager.o
    0x20000014        -       0x00000001   Zero   RW           73    .bss.consecutive_spikes  safety_manager.o
    0x20000015        -       0x00000001   Zero   RW          104    .bss.current_state  supervisor.o
    0x20000016   0x08002130   0x00000002   PAD
    0x20000018        -       0x00000050   Zero   RW           59    .bss.emg_window     signal_proc.o
    0x20000068        -       0x00000180   Zero   RW           90    .bss.event_queue    dispatcher.o
    0x200001e8        -       0x00000020   Zero   RW           45    .bss.frame_buffer   input_acq.o
    0x20000208        -       0x00000001   Zero   RW           43    .bss.frame_index    input_acq.o
    0x20000209   0x08002130   0x00000001   PAD
    0x2000020a        -       0x00000002   Zero   RW           41    .bss.head           input_acq.o
    0x2000020c        -       0x00000002   Zero   RW           88    .bss.head           dispatcher.o
    0x2000020e        -       0x00000001   Zero   RW           74    .bss.is_calibrated  safety_manager.o
    0x2000020f   0x08002130   0x00000001   PAD
    0x20000210        -       0x00000002   Zero   RW          105    .bss.recovery_timer  supervisor.o
    0x20000212        -       0x00000100   Zero   RW           44    .bss.rx_buffer      input_acq.o
    0x20000312        -       0x00000002   Zero   RW           58    .bss.samples_since_last_calc  signal_proc.o
    0x20000314        -       0x00000004   Zero   RW           24    .bss.system_time_ms  main.o
    0x20000318        -       0x00000002   Zero   RW           42    .bss.tail           input_acq.o
    0x2000031a        -       0x00000002   Zero   RW           89    .bss.tail           dispatcher.o
    0x2000031c        -       0x00000002   Zero   RW           57    .bss.window_index   signal_proc.o
    0x2000031e   0x08002130   0x00000002   PAD
    0x20000320        -       0x00000400   Zero   RW          157    STACK               startup_stm32f407xx.o


==============================================================================

Image component sizes


      Code (inc. data)   RO Data    RW Data    ZI Data      Debug   Object Name

       340          6          0          0        388       1634   dispatcher.o
       346          0          0          0        293       1729   input_acq.o
       154          0         57          0          0       1794   logger.o
       868          0          0          0          7       6211   main.o
       114          0          0          0          0       1284   output_mgr.o
       296          0          0          0          8       1482   safety_manager.o
       214          0          0          0         84       1620   signal_proc.o
        36          8        392          0       1024        916   startup_stm32f407xx.o
       318          4          0          0          3       1662   supervisor.o
        18          0          0          0          0       2717   system_stm32f4xx.o

    ----------------------------------------------------------------------
      2728         18        484          0       1816      21049   Object Totals
         0          0         32          0          0          0   (incl. Generated)
        24          0          3          0          9          0   (incl. Padding)

    ----------------------------------------------------------------------

      Code (inc. data)   RO Data    RW Data    ZI Data      Debug   Library Member Name

        56         10          0          0          0        132   atof.o
        58          0          0          0          0        136   sqrtf.o
        64          0          0          0          0         84   _sgetc.o
        40          6         64          0          0         68   ctype_c.o
         0          0          0          0          0          0   entry.o
         0          0          0          0          0          0   entry10a.o
         0          0          0          0          0          0   entry11a.o
         8          4          0          0          0          0   entry2.o
         4          0          0          0          0          0   entry5.o
         0          0          0          0          0          0   entry7b.o
         0          0          0          0          0          0   entry8b.o
         8          4          0          0          0          0   entry9a.o
        24         12          0          4          0        136   errno.o
        30          0          0          0          0          0   handlers.o
        48         10          0          0          0         68   init.o
        10          0          0          0          0         68   isspace_c.o
         0          0          0          0          0          0   iusefp.o
        30          0          0          0          0         68   llshl.o
        36          0          0          0          0         68   llsshr.o
        32          0          0          0          0         68   llushr.o
      2276         86          0          0          0        520   printfa.o
       878         12          0          0          0        216   scanf_fp.o
       168         12          0          0          0        124   strtod.o
        44          0          0          0          0         80   uidiv.o
        98          0          0          0          0         92   uldiv.o
        48          0          0          0          0         68   cdrcmple.o
        56          0          0          0          0         88   d2f.o
       334          0          0          0          0        148   dadd.o
       222          0          0          0          0        100   ddiv.o
       186          0          0          0          0        176   depilogue.o
        48          0          0          0          0         68   dfixul.o
        24          0          0          0          0         76   dfltul.o
       228          0          0          0          0         96   dmul.o
        38          0          0          0          0         68   f2d.o
       110          0          0          0          0        168   fepilogue.o

    ----------------------------------------------------------------------
      5216        156         64          4          0       2984   Library Totals
        10          0          0          0          0          0   (incl. Padding)

    ----------------------------------------------------------------------

      Code (inc. data)   RO Data    RW Data    ZI Data      Debug   Library Name

       114         10          0          0          0        268   m_wm.l
      3798        146         64          4          0       1660   mc_w.l
      1294          0          0          0          0       1056   mf_w.l

    ----------------------------------------------------------------------
      5216        156         64          4          0       2984   Library Totals

    ----------------------------------------------------------------------

==============================================================================


      Code (inc. data)   RO Data    RW Data    ZI Data      Debug   

      7944        174        548          4       1816      22625   Grand Totals
      7944        174        548          4       1816      22625   ELF Image Totals
      7944        174        548          4          0          0   ROM Totals

==============================================================================

    Total RO  Size (Code + RO Data)                 8492 (   8.29kB)
    Total RW  Size (RW Data + ZI Data)              1820 (   1.78kB)
    Total ROM Size (Code + RO Data + RW Data)       8496 (   8.30kB)

==============================================================================

